// Jest Snapshot v1, https://goo.gl/fbAQLP

exports[`test ViewTab component should render the component to match snapshot 1`] = `
<ul
  className="nav nav-tabs nav-fill my-4"
>
  <li
    className="nav-item"
  >
    <a
      className="nav-link active list"
      href="#"
      onClick={[Function]}
    >
      <Ionicon
        beat={false}
        className="rounded mr-2"
        color="#007bff"
        fontSize="25px"
        icon="ios-paper"
        rotate={false}
        shake={false}
        style={Object {}}
      />
      List
    </a>
  </li>
  <li
    className="nav-item"
  >
    <a
      className="nav-link chart"
      href="#"
      onClick={[Function]}
    >
      <Ionicon
        beat={false}
        className="rounded ml-2"
        color="#007bff"
        fontSize="25px"
        icon="ios-pie"
        rotate={false}
        shake={false}
        style={Object {}}
      />
      Chart
    </a>
  </li>
</ul>
`;
